// Vitest Snapshot v1

exports[`should throw an error if the input does not match the expected format 1`] = `"Expected value-like string, got \\"not a value\\""`;
